train (60000, 784)  test (10000, 784)  pixel range [0,15]
mode=ternary hidden=8 shift1=4
ep   1/60  loss 1.1371  int-train 82.21%  int-test 82.97%  *
ep   2/60  loss 0.7682  int-train 83.46%  int-test 84.48%  *
ep   3/60  loss 0.7469  int-train 83.06%  int-test 83.74%
ep   4/60  loss 0.7257  int-train 85.09%  int-test 85.95%  *
ep   5/60  loss 0.7264  int-train 85.30%  int-test 85.26%
ep   6/60  loss 0.7385  int-train 76.93%  int-test 77.46%
ep   7/60  loss 0.7342  int-train 85.50%  int-test 86.49%  *
ep   8/60  loss 0.7172  int-train 83.83%  int-test 85.31%
ep   9/60  loss 0.7155  int-train 84.02%  int-test 84.57%
ep  10/60  loss 0.7151  int-train 85.45%  int-test 86.27%
ep  11/60  loss 0.7203  int-train 81.87%  int-test 83.57%
ep  12/60  loss 0.7389  int-train 85.27%  int-test 85.25%
ep  13/60  loss 0.7234  int-train 81.66%  int-test 82.25%
ep  14/60  loss 0.7159  int-train 84.17%  int-test 85.02%
ep  15/60  loss 0.7131  int-train 85.21%  int-test 85.57%
ep  16/60  loss 0.7157  int-train 82.43%  int-test 81.61%
ep  17/60  loss 0.7235  int-train 83.61%  int-test 84.89%
ep  18/60  loss 0.7101  int-train 83.31%  int-test 83.29%
ep  19/60  loss 0.7309  int-train 86.61%  int-test 86.76%  *
ep  20/60  loss 0.7284  int-train 85.53%  int-test 86.31%
ep  21/60  loss 0.7172  int-train 85.74%  int-test 86.05%
ep  22/60  loss 0.7085  int-train 85.31%  int-test 85.62%
ep  23/60  loss 0.7193  int-train 85.27%  int-test 86.37%
ep  24/60  loss 0.7314  int-train 82.85%  int-test 83.30%
ep  25/60  loss 0.7336  int-train 81.41%  int-test 82.09%
ep  26/60  loss 0.7237  int-train 83.53%  int-test 84.32%
ep  27/60  loss 0.7067  int-train 85.49%  int-test 85.02%
ep  28/60  loss 0.7293  int-train 84.68%  int-test 84.41%
ep  29/60  loss 0.7278  int-train 83.60%  int-test 84.01%
ep  30/60  loss 0.7335  int-train 84.17%  int-test 85.39%
ep  31/60  loss 0.7233  int-train 83.03%  int-test 82.87%
ep  32/60  loss 0.7062  int-train 83.70%  int-test 84.38%
ep  33/60  loss 0.7114  int-train 82.57%  int-test 82.13%
ep  34/60  loss 0.7298  int-train 83.75%  int-test 85.21%
ep  35/60  loss 0.7168  int-train 85.18%  int-test 85.30%
ep  36/60  loss 0.7068  int-train 82.51%  int-test 82.50%
ep  37/60  loss 0.7133  int-train 83.30%  int-test 83.25%
ep  38/60  loss 0.7153  int-train 84.71%  int-test 84.58%
ep  39/60  loss 0.7326  int-train 84.29%  int-test 85.47%
ep  40/60  loss 0.7049  int-train 85.66%  int-test 86.91%  *
ep  41/60  loss 0.7021  int-train 86.13%  int-test 86.41%
ep  42/60  loss 0.7081  int-train 79.38%  int-test 80.24%
ep  43/60  loss 0.7095  int-train 85.20%  int-test 86.26%
ep  44/60  loss 0.7090  int-train 83.63%  int-test 84.62%
ep  45/60  loss 0.6937  int-train 83.84%  int-test 84.80%
ep  46/60  loss 0.7028  int-train 81.51%  int-test 81.81%
ep  47/60  loss 0.7031  int-train 85.00%  int-test 85.86%
ep  48/60  loss 0.7115  int-train 79.86%  int-test 80.00%
ep  49/60  loss 0.7133  int-train 85.27%  int-test 86.48%
ep  50/60  loss 0.6950  int-train 84.03%  int-test 84.46%
ep  51/60  loss 0.7108  int-train 81.43%  int-test 81.98%
ep  52/60  loss 0.6921  int-train 82.58%  int-test 82.67%
ep  53/60  loss 0.6686  int-train 84.58%  int-test 85.11%
ep  54/60  loss 0.6786  int-train 82.84%  int-test 82.86%
ep  55/60  loss 0.6703  int-train 84.75%  int-test 85.26%
ep  56/60  loss 0.6806  int-train 83.74%  int-test 84.56%
ep  57/60  loss 0.6652  int-train 85.96%  int-test 86.55%
ep  58/60  loss 0.6548  int-train 85.04%  int-test 85.65%
ep  59/60  loss 0.6491  int-train 86.86%  int-test 87.30%  *
ep  60/60  loss 0.6308  int-train 83.23%  int-test 83.16%

best integer test accuracy: 87.30%  (13s)
wrote artifacts/weights_ternary_h8.{npz,json}
reference self-check ok  hidden=[15, 0, 0, 0, 0, 0, 0, 0]  pred=7
w1 histogram: {-1: 2123, 0: 2059, 1: 2090}
