train (60000, 784)  test (10000, 784)  pixel range [0,15]
mode=w4 hidden=32 shift1=6
ep   1/60  loss 0.8838  int-train 88.34%  int-test 88.95%  *
ep   2/60  loss 0.4399  int-train 90.42%  int-test 91.33%  *
ep   3/60  loss 0.3602  int-train 92.77%  int-test 93.55%  *
ep   4/60  loss 0.3128  int-train 93.05%  int-test 93.79%  *
ep   5/60  loss 0.2807  int-train 93.73%  int-test 94.58%  *
ep   6/60  loss 0.2577  int-train 94.26%  int-test 94.69%  *
ep   7/60  loss 0.2397  int-train 94.90%  int-test 95.03%  *
ep   8/60  loss 0.2308  int-train 95.00%  int-test 95.35%  *
ep   9/60  loss 0.2201  int-train 95.14%  int-test 95.39%  *
ep  10/60  loss 0.2103  int-train 95.36%  int-test 95.80%  *
ep  11/60  loss 0.2018  int-train 95.57%  int-test 95.78%
ep  12/60  loss 0.1958  int-train 95.94%  int-test 96.02%  *
ep  13/60  loss 0.1916  int-train 96.12%  int-test 96.24%  *
ep  14/60  loss 0.1810  int-train 96.07%  int-test 96.15%
ep  15/60  loss 0.1775  int-train 96.44%  int-test 96.31%  *
ep  16/60  loss 0.1655  int-train 96.30%  int-test 96.12%
ep  17/60  loss 0.1700  int-train 96.39%  int-test 96.22%
ep  18/60  loss 0.1667  int-train 95.82%  int-test 95.70%
ep  19/60  loss 0.1623  int-train 96.33%  int-test 96.04%
ep  20/60  loss 0.1620  int-train 96.62%  int-test 96.33%  *
ep  21/60  loss 0.1604  int-train 96.75%  int-test 96.28%
ep  22/60  loss 0.1564  int-train 96.41%  int-test 96.11%
ep  23/60  loss 0.1569  int-train 96.37%  int-test 96.34%  *
ep  24/60  loss 0.1500  int-train 96.44%  int-test 96.36%  *
ep  25/60  loss 0.1432  int-train 96.84%  int-test 96.48%  *
ep  26/60  loss 0.1401  int-train 96.45%  int-test 96.33%
ep  27/60  loss 0.1470  int-train 96.64%  int-test 96.37%
ep  28/60  loss 0.1437  int-train 96.69%  int-test 96.44%
ep  29/60  loss 0.1434  int-train 96.78%  int-test 96.37%
ep  30/60  loss 0.1393  int-train 96.84%  int-test 96.70%  *
ep  31/60  loss 0.1370  int-train 97.06%  int-test 96.64%
ep  32/60  loss 0.1335  int-train 96.90%  int-test 96.57%
ep  33/60  loss 0.1334  int-train 96.96%  int-test 96.55%
ep  34/60  loss 0.1269  int-train 97.04%  int-test 96.90%  *
ep  35/60  loss 0.1334  int-train 96.69%  int-test 96.69%
ep  36/60  loss 0.1314  int-train 96.62%  int-test 96.58%
ep  37/60  loss 0.1276  int-train 96.90%  int-test 96.67%
ep  38/60  loss 0.1243  int-train 97.00%  int-test 96.70%
ep  39/60  loss 0.1266  int-train 96.78%  int-test 96.53%
ep  40/60  loss 0.1233  int-train 97.26%  int-test 96.83%
ep  41/60  loss 0.1262  int-train 97.18%  int-test 96.85%
ep  42/60  loss 0.1224  int-train 97.02%  int-test 96.55%
ep  43/60  loss 0.1237  int-train 97.26%  int-test 96.87%
ep  44/60  loss 0.1238  int-train 97.06%  int-test 96.80%
ep  45/60  loss 0.1224  int-train 97.05%  int-test 96.81%
ep  46/60  loss 0.1218  int-train 97.04%  int-test 96.81%
ep  47/60  loss 0.1198  int-train 97.07%  int-test 97.03%  *
ep  48/60  loss 0.1211  int-train 96.82%  int-test 96.61%
ep  49/60  loss 0.1204  int-train 96.99%  int-test 96.92%
ep  50/60  loss 0.1168  int-train 97.27%  int-test 97.09%  *
ep  51/60  loss 0.1144  int-train 97.31%  int-test 96.92%
ep  52/60  loss 0.1152  int-train 97.24%  int-test 97.05%
ep  53/60  loss 0.1178  int-train 97.33%  int-test 97.01%
ep  54/60  loss 0.1166  int-train 97.32%  int-test 97.05%
ep  55/60  loss 0.1158  int-train 97.03%  int-test 96.93%
ep  56/60  loss 0.1141  int-train 97.22%  int-test 97.04%
ep  57/60  loss 0.1120  int-train 97.35%  int-test 97.02%
ep  58/60  loss 0.1142  int-train 97.16%  int-test 97.00%
ep  59/60  loss 0.1102  int-train 97.25%  int-test 97.13%  *
ep  60/60  loss 0.1140  int-train 97.32%  int-test 97.11%

best integer test accuracy: 97.13%  (23s)
wrote artifacts/weights_w4_h32.{npz,json}
reference self-check ok  hidden=[0, 11, 0, 14, 9, 3, 0, 0, 0, 9, 3, 0, 4, 10, 2, 3, 5, 1, 0, 0, 0, 0, 0, 15, 0, 0, 3, 15, 8, 15, 1, 5]  pred=7
w1 histogram: {-8: 461, -7: 231, -6: 392, -5: 685, -4: 1158, -3: 1879, -2: 2601, -1: 3197, 0: 3430, 1: 3356, 2: 2724, 3: 1995, 4: 1285, 5: 746, 6: 466, 7: 482}
