targets=['marvin', 'sheila']  clips=18306  positives=12366  negatives=5940
PDM 1.5625 MHz  (clk 50.0 MHz / 32)
frame 16 bits = 41.9 ms, 16 frames = 671 ms window
11 cascade stages, K=2, state 15 b
bands (stage: passband):
  band 0  stage  3     7771.2 ..  15542.5 Hz
  band 1  stage  4     3885.6 ..   7771.2 Hz
  band 2  stage  5     1942.8 ..   3885.6 Hz
  band 3  stage  6      971.4 ..   1942.8 Hz
  band 4  stage  7      485.7 ..    971.4 Hz
  band 5  stage  8      242.9 ..    485.7 Hz
  band 6  stage  9      121.4 ..    242.9 Hz
  band 7  stage 10       60.7 ..    121.4 Hz
extracting 24 frames/clip in batches of 1024
  1024/18306      29s elapsed  eta    495s
  2048/18306      57s elapsed  eta    454s
  3072/18306      85s elapsed  eta    420s
  4096/18306     114s elapsed  eta    394s
  5120/18306     141s elapsed  eta    363s
  6144/18306     169s elapsed  eta    335s
  7168/18306     197s elapsed  eta    306s
  8192/18306     225s elapsed  eta    277s
  9216/18306     253s elapsed  eta    249s
  10240/18306     280s elapsed  eta    221s
  11264/18306     309s elapsed  eta    193s
  12288/18306     337s elapsed  eta    165s
  13312/18306     365s elapsed  eta    137s
  14336/18306     393s elapsed  eta    109s
  15360/18306     425s elapsed  eta     81s
  16384/18306     453s elapsed  eta     53s
  17408/18306     480s elapsed  eta     25s
  18306/18306     507s elapsed  eta      0s

wrote artifacts/ww_feats_marvin_sheila.npz  3.5 MB uncompressed
feature range 0..20  mean 14.61
  train  14691  positives 9966
  val     1868  positives 1245
  test    1747  positives 1155
